
> alumni-tracker@0.1.0 build
> next build

Γû▓ Next.js 16.1.6 (Turbopack)

  Creating an optimized production build ...
Γ£ô Compiled successfully in 6.3s
  Running TypeScript ...
node.exe : Failed 
to compile.
At line:1 char:1
+ & "C:\Program File
s\nodejs/node.exe" 
"C:\Program Files\no
dejs/node_mo ...
+ ~~~~~~~~~~~~~~~~~~
~~~~~~~~~~~~~~~~~~~~
~~~~~~~~~~~~~~~~~~~~
~~~~~~~~~~~
    + CategoryInfo  
            : NotS  
  pecified: (Fail   
 ed to compile.:    
String) [], Rem    
oteException
    + FullyQualifie 
   dErrorId : Nati  
  veCommandError
 

.next/types/validato
r.ts:81:31
Type error: Type 
'typeof import("C:/S
emester6/Teori/Rekay
asa Kebutuhan 
C/Minggu 3/alumni-tr
acker/src/app/api/hi
story/[id]/route")' 
does not satisfy 
the constraint 'Rout
eHandlerConfig<"/api
/history/[id]">'.
  Types of property 
'GET' are 
incompatible.
    Type '(req: 
Request, { params 
}: { params: { id: 
string; }; }) => Pro
mise<NextResponse<Bu
ktiPelacakan[]> | 
NextResponse<{ 
error: string; }>>' 
is not assignable 
to type '(request: 
NextRequest, 
context: { params: 
Promise<{ id: 
string; }>; }) => 
void | Response | 
Promise<void | 
Response>'.
      Types of 
parameters '__1' 
and 'context' are 
incompatible.
        Type '{ 
params: Promise<{ 
id: string; }>; }' 
is not assignable 
to type '{ params: 
{ id: string; }; }'.
          Types of 
property 'params' 
are incompatible.
            
Property 'id' is 
missing in type 
'Promise<{ id: 
string; }>' but 
required in type '{ 
id: string; }'.

[0m [90m 79 
|[39m   type __IsEx
pected[33m<[39m[3
3mSpecific[39m 
[36mextends[39m [
33mRouteHandlerConfi
g[39m[33m<[39m[3
2m"/api/history/[id]
"[39m[33m>>[39m 
[33m=[39m 
[33mSpecific[39m
 [90m 80 |[39m   
[36mconst[39m 
handler [33m=[39m 
{} [36mas[39m 
[36mtypeof[39m [3
6mimport[39m([32m"
../../src/app/api/hi
story/[id]/route.js"
[39m)
[31m[1m>[22m[39m
[90m 81 |[39m   
type __Check 
[33m=[39m __IsExpe
cted[33m<[39m[36m
typeof[39m 
handler[33m>[39m
 [90m    |[39m    
                    
       
[31m[1m^[22m[39m
 [90m 82 |[39m   
[90m// 
@ts-ignore[39m
 [90m 83 |[39m   
type __Unused 
[33m=[39m __Check
 [90m 84 |[39m 
}[0m
Next.js build 
worker exited with 
code: 1 and signal: 
null
